
> temp_next_app@0.1.0 build
> next build

Ôû▓ Next.js 16.1.4 (Turbopack)

  Creating an optimized production build ...
npm : 
No linha:1 caractere:1
+ npm run build > 
build_error.log 2>&1
+ ~~~~~~~~~~~~~~~~~~~~
~~~~~~~~~~~~~~~~
    + CategoryInfo    
          : NotSpeci  
  fied: (:String) [   
 ], RemoteExceptio    
n
    + FullyQualifiedE 
   rrorId : NativeCo  
  mmandError
 
> Build error occurred
Error: Turbopack 
build failed with 1 
errors:
./src/app/globals.css
Error evaluating 
Node.js code
Error: It looks like 
you're trying to use 
`tailwindcss` 
directly as a PostCSS 
plugin. The PostCSS 
plugin has moved to a 
separate package, so 
to continue using 
Tailwind CSS with 
PostCSS you'll need 
to install `@tailwindc
ss/postcss` and 
update your PostCSS 
configuration.
    [at lt (C:\DEV\bd\
projeto\bussola\site\n
ode_modules\tailwindcs
s\dist\lib.js:38:1643)
]
    at turbopack:///[t
urbopack-node]/transfo
rms/postcss.ts:56:14 [
C:\DEV\bd\projeto\buss
ola\site\.next\build\c
hunks\[root-of-the-ser
ver]__6d51cb5d._.js:16
5:20]
    [at <anonymous>]
    at Module.init (tu
rbopack:///[turbopack-
node]/transforms/postc
ss.ts:43:33) [C:\DEV\b
d\projeto\bussola\site
\.next\build\chunks\[r
oot-of-the-server]__6d
51cb5d._.js:155:35]
    at run (turbopack:
///[turbopack-node]/ip
c/evaluate.ts:77:20) [
C:\DEV\bd\projeto\buss
ola\site\.next\build\c
hunks\[root-of-the-ser
ver]__44695d76._.js:42
9:26]

Import trace:
  Client Component 
Browser:
    
./src/app/globals.css 
[Client Component 
Browser]
    
./src/app/layout.tsx 
[Server Component]


    at Module.init (tu
rbopack:///[turbopack-
node]/transforms/postc
ss.ts:43:33) [C:\DEV\b
d\projeto\bussola\site
\.next\build\chunks\[r
oot-of-the-server]__6d
51cb5d._.js:155:35])
    at run (turbopack:
///[turbopack-node]/ip
c/evaluate.ts:77:20) [
C:\DEV\bd\projeto\buss
ola\site\.next\build\c
hunks\[root-of-the-ser
ver]__44695d76._.js:42
9:26])
